Microchip MPLAB XC8 Compiler V3.10

Linker command line:

-W-3 \
  --edf=C:\Program Files\Microchip\xc8\v3.10\pic\dat\20250813170317_en.msgs \
  -cn -h+dist/default/production\Termomentro_Final.X.production.sym \
  --cmf=dist/default/production\Termomentro_Final.X.production.cmf -z \
  -Q16F887 -oC:\Users\JORGEM~1\AppData\Local\Temp\xcAsekk.0\driver_tmp_3.o \
  --defsym=__MPLAB_BUILD=1 --fixupoverflow=error \
  -Mdist/default/production/Termomentro_Final.X.production.map \
  --md=C:\Users\JORGEM~1\AppData\Local\Temp\xcAsekk.0\driver_tmp_0.dat -E1 \
  -ver=XC8 Compiler -ACODE=00h-07FFhx4 -ASTRCODE=00h-01FFFh \
  -ASTRING=00h-0FFhx32 -ACONST=00h-0FFhx32 -AENTRY=00h-0FFhx32 \
  -ACOMMON=070h-07Fh -ABANK0=020h-06Fh -ABANK1=0A0h-0EFh \
  -ABANK2=0110h-016Fh -ABANK3=0190h-01EFh \
  -ARAM=020h-06Fh,0A0h-0EFh,0110h-016Fh,0190h-01EFh \
  -AABS1=020h-07Fh,0A0h-0EFh,0110h-016Fh,0190h-01EFh -ASFR0=00h-01Fh \
  -ASFR1=080h-09Fh -ASFR2=0100h-010Fh -ASFR3=0180h-018Fh \
  -ACONFIG=02007h-02008h -DCONFIG=2 -AIDLOC=02000h-02003h -DIDLOC=2 \
  -AEEDATA=00h-0FFh/02100h -peeprom_data=EEDATA -DEEDATA=2 -DCODE=2 \
  -DSTRCODE=2 -DSTRING=2 -DCONST=2 -DENTRY=2 \
  -preset_vec=00h,intentry,sivt,init,end_init -ppowerup=CODE -pcinit=CODE \
  -pfunctab=ENTRY -k \
  C:\Users\JORGEM~1\AppData\Local\Temp\xcAsekk.0\driver_tmp_12.o \
  dist/default/production\Termomentro_Final.X.production.o 

Object code version is 3.11

Machine type is 16F887



                Name                               Link     Load   Length Selector   Space Scale
C:\Users\JORGEM~1\AppData\Local\Temp\xcAsekk.0\driver_tmp_12.o
                end_init                              0        0        3        0       0
                config                             2007     2007        2        0       4
dist/default/production\Termomentro_Final.X.production.o
                cinit                               7C2      7C2       3E      F84       0
                config                             2007     2007        2        0       4
                text49                             1B2A     1B2A       27     3654       0
                text48                             1BC8     1BC8       2D     3790       0
                text47                             1088     1088       92     2110       0
                text46                             1A34     1A34        C     3468       0
                text45                             1411     1411       F2     2822       0
                text44                               78       78      250       F0       0
                text43                              AF4      AF4      1CA     15E8       0
                text42                             111A     111A       A2     2234       0
                text41                             11BC     11BC       B4     2378       0
                text40                              959      959      19B     12B2       0
                text39                             1A40     1A40        C     3480       0
                text38                              85C      85C       FD     10B8       0
                text37                             1DAC     1DAC       55     3B58       0
                text36                             1BF5     1BF5       31     37EA       0
                text35                             1B08     1B08       22     3610       0
                text34                             1CD4     1CD4       45     39A8       0
                text33                             1025     1025       63     204A       0
                text32                             1E01     1E01       57     3C02       0
                text31                             1C26     1C26       34     384C       0
                text30                             1B51     1B51       27     36A2       0
                text29                              CBE      CBE      342     197C       0
                text28                             1E58     1E58       8C     3CB0       0
                text27                             1C92     1C92       42     3924       0
                text26                             1C5A     1C5A       38     38B4       0
                text25                             133E     133E       D3     267C       0
                text24                             1B78     1B78       28     36F0       0
                text23                             1002     1002       23     2004       0
                text22                             1BA0     1BA0       28     3740       0
                text21                             1270     1270       CE     24E0       0
                text20                             1F71     1F71       8F     3EE2       0
                text19                             1EE4     1EE4       8D     3DC8       0
                text18                             1AA3     1AA3       16     3546       0
                text17                             1A19     1A19        4     3432       0
                text16                             1A1D     1A1D        4     343A       0
                text15                             1A5A     1A5A        F     34B4       0
                text14                             1A4C     1A4C        E     3498       0
                text13                             1A25     1A25        7     344A       0
                text12                               71       71        7       E2       0
                text11                             1D60     1D60       4C     3AC0       0
                text10                              801      801       5B     1002       0
                text9                              1A69     1A69       13     34D2       0
                text8                              1AB9     1AB9       16     3572       0
                text7                              1AEB     1AEB       1D     35D6       0
                text6                              1ACF     1ACF       1C     359E       0
                text5                              1D19     1D19       47     3A32       0
                text4                              1A7C     1A7C       13     34F8       0
                text3                              166E     166E      192     2CDC       0
                text2                              1A8F     1A8F       14     351E       0
                text1                              1503     1503      16B     2A06       0
                maintext                            2C8      2C8      4FA      590       0
                cstackBANK0                          20       20       50       20       1
                cstackCOMMON                         70       70        E       70       1
                cstackBANK1                          A0       A0       2F       A0       1
                clrtext                            1A2C     1A2C        8     3458       0
                dataBANK3                           1BB      1BB        4      190       1
                bssBANK3                            190      190       2B      190       1
                dataBANK1                            EE       EE        2       A0       1
                bssBANK1                             CF       CF       1F       A0       1
                strings                               3        3       6E        6       0
                idataBANK3                         1A21     1A21        4     3442       0
                idataBANK1                         1000     1000        2     197C       0

TOTAL           Name                               Link     Load   Length     Space
        CLASS   CODE           
                end_init                              0        0        3         0
                cinit                               7C2      7C2       3E         0
                text49                             1B2A     1B2A       27         0
                text48                             1BC8     1BC8       2D         0
                text47                             1088     1088       92         0
                text46                             1A34     1A34        C         0
                text45                             1411     1411       F2         0
                text44                               78       78      250         0
                text43                              AF4      AF4      1CA         0
                text42                             111A     111A       A2         0
                text41                             11BC     11BC       B4         0
                text40                              959      959      19B         0
                text39                             1A40     1A40        C         0
                text38                              85C      85C       FD         0
                text37                             1DAC     1DAC       55         0
                text36                             1BF5     1BF5       31         0
                text35                             1B08     1B08       22         0
                text34                             1CD4     1CD4       45         0
                text33                             1025     1025       63         0
                text32                             1E01     1E01       57         0
                text31                             1C26     1C26       34         0
                text30                             1B51     1B51       27         0
                text29                              CBE      CBE      342         0
                text28                             1E58     1E58       8C         0
                text27                             1C92     1C92       42         0
                text26                             1C5A     1C5A       38         0
                text25                             133E     133E       D3         0
                text24                             1B78     1B78       28         0
                text23                             1002     1002       23         0
                text22                             1BA0     1BA0       28         0
                text21                             1270     1270       CE         0
                text20                             1F71     1F71       8F         0
                text19                             1EE4     1EE4       8D         0
                text18                             1AA3     1AA3       16         0
                text17                             1A19     1A19        4         0
                text16                             1A1D     1A1D        4         0
                text15                             1A5A     1A5A        F         0
                text14                             1A4C     1A4C        E         0
                text13                             1A25     1A25        7         0
                text12                               71       71        7         0
                text11                             1D60     1D60       4C         0
                text10                              801      801       5B         0
                text9                              1A69     1A69       13         0
                text8                              1AB9     1AB9       16         0
                text7                              1AEB     1AEB       1D         0
                text6                              1ACF     1ACF       1C         0
                text5                              1D19     1D19       47         0
                text4                              1A7C     1A7C       13         0
                text3                              166E     166E      192         0
                text2                              1A8F     1A8F       14         0
                text1                              1503     1503      16B         0
                maintext                            2C8      2C8      4FA         0
                clrtext                            1A2C     1A2C        8         0
                idataBANK3                         1A21     1A21        4         0
                idataBANK1                         1000     1000        2         0

        CLASS   STRCODE        

        CLASS   STRING         
                strings                               3        3       6E         0

        CLASS   CONST          

        CLASS   ENTRY          

        CLASS   COMMON         
                cstackCOMMON                         70       70        E         1

        CLASS   BANK0          
                cstackBANK0                          20       20       50         1

        CLASS   BANK1          
                cstackBANK1                          A0       A0       2F         1
                dataBANK1                            EE       EE        2         1
                bssBANK1                             CF       CF       1F         1

        CLASS   BANK2          

        CLASS   BANK3          
                dataBANK3                           1BB      1BB        4         1
                bssBANK3                            190      190       2B         1

        CLASS   RAM            

        CLASS   ABS1           
                abs_s1                               7E       7E        2         1

        CLASS   SFR0           

        CLASS   SFR1           

        CLASS   SFR2           

        CLASS   SFR3           

        CLASS   CONFIG         
                config                             2007     2007        2         4

        CLASS   IDLOC          

        CLASS   EEDATA         

        CLASS   HEAP           

        CLASS   STACK          



SEGMENTS        Name                           Load    Length   Top    Selector   Space  Class     Delta

                reset_vec                      000000  000003  000003         0       0  CODE        2
                strings                        000003  00006E  000071         6       0  STRING      2
                cstackBANK0                    000020  000050  000070        20       1  BANK0       1
                cstackCOMMON                   000070  00000E  00007E        70       1  COMMON      1
                cstackBANK1                    0000A0  000050  0000F0        A0       1  BANK1       1
                text12                         000071  000007  000078        E2       0  CODE        2
                text44                         000078  000250  0002C8        F0       0  CODE        2
                bssBANK3                       000190  00002F  0001BF       190       1  BANK3       1
                maintext                       0002C8  0004FA  0007C2       590       0  CODE        2
                cinit                          0007C2  00003E  000800       F84       0  CODE        2
                text10                         000801  00005B  00085C      1002       0  CODE        2
                text38                         00085C  0000FD  000959      10B8       0  CODE        2
                text40                         000959  00019B  000AF4      12B2       0  CODE        2
                text43                         000AF4  0001CA  000CBE      15E8       0  CODE        2
                text29                         000CBE  000344  001002      197C       0  CODE        2
                text23                         001002  000023  001025      2004       0  CODE        2
                text33                         001025  000063  001088      204A       0  CODE        2
                text47                         001088  000092  00111A      2110       0  CODE        2
                text42                         00111A  0000A2  0011BC      2234       0  CODE        2
                text41                         0011BC  0000B4  001270      2378       0  CODE        2
                text21                         001270  0000CE  00133E      24E0       0  CODE        2
                text25                         00133E  0000D3  001411      267C       0  CODE        2
                text45                         001411  0000F2  001503      2822       0  CODE        2
                text1                          001503  00016B  00166E      2A06       0  CODE        2
                text3                          00166E  000192  001800      2CDC       0  CODE        2
                text17                         001A19  000004  001A1D      3432       0  CODE        2
                text16                         001A1D  000004  001A21      343A       0  CODE        2
                idataBANK3                     001A21  000004  001A25      3442       0  CODE        2
                text13                         001A25  000007  001A2C      344A       0  CODE        2
                clrtext                        001A2C  000008  001A34      3458       0  CODE        2
                text46                         001A34  00000C  001A40      3468       0  CODE        2
                text39                         001A40  00000C  001A4C      3480       0  CODE        2
                text14                         001A4C  00000E  001A5A      3498       0  CODE        2
                text15                         001A5A  00000F  001A69      34B4       0  CODE        2
                text9                          001A69  000013  001A7C      34D2       0  CODE        2
                text4                          001A7C  000013  001A8F      34F8       0  CODE        2
                text2                          001A8F  000014  001AA3      351E       0  CODE        2
                text18                         001AA3  000016  001AB9      3546       0  CODE        2
                text8                          001AB9  000016  001ACF      3572       0  CODE        2
                text6                          001ACF  00001C  001AEB      359E       0  CODE        2
                text7                          001AEB  00001D  001B08      35D6       0  CODE        2
                text35                         001B08  000022  001B2A      3610       0  CODE        2
                text49                         001B2A  000027  001B51      3654       0  CODE        2
                text30                         001B51  000027  001B78      36A2       0  CODE        2
                text24                         001B78  000028  001BA0      36F0       0  CODE        2
                text22                         001BA0  000028  001BC8      3740       0  CODE        2
                text48                         001BC8  00002D  001BF5      3790       0  CODE        2
                text36                         001BF5  000031  001C26      37EA       0  CODE        2
                text31                         001C26  000034  001C5A      384C       0  CODE        2
                text26                         001C5A  000038  001C92      38B4       0  CODE        2
                text27                         001C92  000042  001CD4      3924       0  CODE        2
                text34                         001CD4  000045  001D19      39A8       0  CODE        2
                text5                          001D19  000047  001D60      3A32       0  CODE        2
                text11                         001D60  00004C  001DAC      3AC0       0  CODE        2
                text37                         001DAC  000055  001E01      3B58       0  CODE        2
                text32                         001E01  000057  001E58      3C02       0  CODE        2
                text28                         001E58  00008C  001EE4      3CB0       0  CODE        2
                text19                         001EE4  00008D  001F71      3DC8       0  CODE        2
                text20                         001F71  00008F  002000      3EE2       0  CODE        2


UNUSED ADDRESS RANGES

        Name                Unused          Largest block    Delta
        BANK2            0110-016F             60           1
        BANK3            01BF-01EF             31           1
        CODE             0800-0800              1           2
                         1800-1A18            219
        CONST            0800-0800              1           2
                         1800-1A18            100
        EEDATA           2100-21FF            100           2
        ENTRY            0800-0800              1           2
                         1800-1A18            100
        IDLOC            2000-2003              4           2
        RAM              0110-016F             60           1
                         01BF-01EF             31
        SFR0             0000-001F             20           1
        SFR1             0080-009F             20           1
        SFR2             0100-010F             10           1
        SFR3             0180-018F             10           1
        STRCODE          0800-0800              1           2
                         1800-1A18            219
        STRING           0800-0800              1           2
                         1800-1A18            100

                                  Symbol Table

?__Umul8_16                                  cstackCOMMON 0070
?___awdiv                                    cstackCOMMON 0070
?___awmod                                    cstackCOMMON 0078
?___fladd                                    cstackBANK0  0054
?___fldiv                                    cstackBANK0  0020
?___flmul                                    cstackBANK0  003A
?___fltol                                    cstackBANK0  0068
?___lwdiv                                    cstackCOMMON 0070
?___lwmod                                    cstackCOMMON 0077
?___xxtofl                                   cstackCOMMON 0070
AgregarTemp@t                                cstackCOMMON 0070
Almacenamiento_EnviarComando@arg             cstackCOMMON 0076
Almacenamiento_EnviarComando@cmd             cstackBANK0  0023
Almacenamiento_EnviarComando@crc             cstackBANK0  0020
Almacenamiento_EnviarComando@i               cstackBANK0  0022
Almacenamiento_EnviarComando@r               cstackBANK0  0021
Almacenamiento_EscribirDatos@buffer          cstackBANK0  002A
Almacenamiento_EscribirDatos@byte_dato       cstackBANK0  002F
Almacenamiento_EscribirDatos@desplazamiento  cstackBANK0  0028
Almacenamiento_EscribirDatos@i               cstackBANK0  0031
Almacenamiento_EscribirDatos@longitud        cstackBANK0  002C
Almacenamiento_EscribirDatos@respuesta       cstackBANK0  0030
Almacenamiento_EscribirDatos@sector          cstackBANK0  0024
Almacenamiento_Inicializar@i                 cstackBANK0  0027
Almacenamiento_Inicializar@r                 cstackBANK0  0026
Almacenamiento_Inicializar@reintentos        cstackBANK0  0028
Almacenamiento_TransferirSPI@dato            cstackCOMMON 0073
Almacenamiento_TransferirSPI@i               cstackCOMMON 0074
Almacenamiento_TransferirSPI@resultado       cstackCOMMON 0075
CalcStats@i                                  cstackBANK1  00A7
CalcStats@n                                  cstackBANK1  00A6
CalcStats@suma                               cstackBANK1  00A2
GestorArchivos_GuardarLinea@linea            cstackBANK0  0034
GestorArchivos_GuardarLinea@longitud         cstackBANK0  0036
GestorArchivos_GuardarLinea@nombre_archivo   cstackBANK0  0033
I2C_EscribirByte@confirmacion                cstackCOMMON 0072
I2C_EscribirByte@dato                        cstackCOMMON 0071
I2C_EscribirByte@i                           cstackCOMMON 0073
I2C_LeerByte@confirmacion                    cstackCOMMON 0071
I2C_LeerByte@dato                            cstackCOMMON 0072
I2C_LeerByte@i                               cstackCOMMON 0073
ImprimirDigito2@v                            cstackBANK0  0027
ImprimirTemp@f                               cstackBANK1  00A2
ImprimirTemp@v                               cstackBANK1  00A6
LeerBoton@curr                               cstackCOMMON 0072
LeerBoton@prev                               dataBANK1    00EF
LimpiarFechaHora@t                           cstackCOMMON 0070
MostrarPrincipal@hum                         cstackBANK1  00AE
MostrarPrincipal@t                           cstackBANK1  00A8
MostrarPrincipal@temp                        cstackBANK1  00AA
Pantalla_ConfigurarPuerto@a                  cstackCOMMON 0070
Pantalla_EnviarComando@a                     cstackCOMMON 0073
Pantalla_EscribirCaracter@a                  cstackBANK0  0024
Pantalla_EscribirCaracter@temp               cstackBANK0  0022
Pantalla_EscribirCaracter@y                  cstackBANK0  0023
Pantalla_EscribirTexto@a                     cstackBANK0  0025
Pantalla_EscribirTexto@i                     cstackBANK0  0026
Pantalla_EstablecerPosicion@a                cstackCOMMON 0076
Pantalla_EstablecerPosicion@b                cstackCOMMON 0074
Pantalla_EstablecerPosicion@temp             cstackCOMMON 0079
Pantalla_EstablecerPosicion@y                cstackCOMMON 0078
Pantalla_EstablecerPosicion@z                cstackCOMMON 0077
Reloj_ConvertirBCD@b                         cstackCOMMON 0075
Reloj_ObtenerFechaHora@fechahora             cstackCOMMON 007A
Reloj_ObtenerFechaHora@r                     cstackBANK0  0020
Reloj_VerificarConexion@ok                   cstackCOMMON 0074
SensorHumedad_ObtenerDatos@bits              cstackBANK0  005D
SensorHumedad_ObtenerDatos@humedad           cstackBANK0  0055
SensorHumedad_ObtenerDatos@humedad_cruda     cstackBANK0  005A
SensorHumedad_ObtenerDatos@i                 cstackBANK0  0064
SensorHumedad_ObtenerDatos@j                 cstackBANK0  0065
SensorHumedad_ObtenerDatos@resultado         cstackBANK0  005C
SensorHumedad_ObtenerDatos@temperatura       cstackBANK0  0054
SensorHumedad_ObtenerDatos@temperatura_cruda cstackBANK0  0062
_ANSEL                                       (abs)        0188
_ANSELH                                      (abs)        0189
_AgregarTemp                                 text49       1B2A
_Almacenamiento_EnviarComando                text47       1088
_Almacenamiento_EscribirDatos                text38       085C
_Almacenamiento_Inicializar                  text45       1411
_Almacenamiento_IniciarSPI                   text46       1A34
_Almacenamiento_TransferirSPI                text48       1BC8
_CalcStats                                   text40       0959
_CalcStats$464                               cstackBANK1  00A0
_GestorArchivos_Configurar                   text39       1A40
_GestorArchivos_GuardarLinea                 text37       1DAC
_I2C_CondicionInicio                         text7        1AEB
_I2C_CondicionParo                           text6        1ACF
_I2C_EscribirByte                            text5        1D19
_I2C_IniciarBus                              text15       1A5A
_I2C_LeerByte                                text11       1D60
_ImprimirDigito2                             text31       1C26
_ImprimirTemp                                text25       133E
_LeerBoton                                   text36       1BF5
_LimpiarFechaHora                            text10       0801
_MostrarPrincipal                            text21       1270
_MostrarStats                                text20       1F71
_PORTAbits                                   (abs)        0005
_PORTBbits                                   (abs)        0006
_PORTCbits                                   (abs)        0007
_PORTDbits                                   (abs)        0008
_Pantalla_ConfigurarPuerto                   text35       1B08
_Pantalla_EnviarComando                      text23       1002
_Pantalla_EscribirCaracter                   text34       1CD4
_Pantalla_EscribirTexto                      text24       1B78
_Pantalla_EstablecerPosicion                 text22       1BA0
_Pantalla_Inicializar                        text19       1EE4
_Pantalla_Limpiar                            text18       1AA3
_Reloj_ConvertirBCD                          text8        1AB9
_Reloj_IniciarModulo                         text14       1A4C
_Reloj_ObtenerFechaHora                      text3        166E
_Reloj_VerificarConexion                     text4        1A7C
_SCL_ForzarBajo                              text13       1A25
_SCL_Liberar                                 text17       1A19
_SDA_ForzarBajo                              text12       0071
_SDA_Liberar                                 text16       1A1D
_SensorHumedad_Configurar                    text2        1A8F
_SensorHumedad_ObtenerDatos                  text1        1503
_TRISAbits                                   (abs)        0085
_TRISBbits                                   (abs)        0086
_TRISCbits                                   (abs)        0087
_TRISDbits                                   (abs)        0088
__H__absolute__                              __absolute__ 0000
__Habs1                                      abs1         0000
__Hbank0                                     bank0        0000
__Hbank1                                     bank1        0000
__Hbank2                                     bank2        0000
__Hbank3                                     bank3        0000
__HbssBANK1                                  bssBANK1     0000
__HbssBANK3                                  bssBANK3     0000
__Hcinit                                     cinit        0800
__Hclrtext                                   clrtext      0000
__Hcode                                      code         0000
__Hcommon                                    common       0000
__Hconfig                                    config       2009
__HcstackBANK0                               cstackBANK0  0000
__HcstackBANK1                               cstackBANK1  0000
__HcstackCOMMON                              cstackCOMMON 0000
__HdataBANK1                                 dataBANK1    0000
__HdataBANK3                                 dataBANK3    0000
__Heeprom_data                               eeprom_data  0000
__Hend_init                                  end_init     0003
__Hfunctab                                   functab      0000
__Hheap                                      heap         0000
__HidataBANK1                                idataBANK1   0000
__HidataBANK3                                idataBANK3   0000
__Hinit                                      init         0000
__Hintentry                                  intentry     0000
__Hmaintext                                  maintext     0000
__Hpowerup                                   powerup      0000
__Hram                                       ram          0000
__Hreset_vec                                 reset_vec    0000
__Hsfr0                                      sfr0         0000
__Hsfr1                                      sfr1         0000
__Hsfr2                                      sfr2         0000
__Hsfr3                                      sfr3         0000
__Hsivt                                      sivt         0000
__Hspace_0                                   (abs)        2000
__Hspace_1                                   (abs)        01BF
__Hspace_2                                   (abs)        0000
__Hspace_3                                   (abs)        0000
__Hspace_4                                   (abs)        4010
__Hstack                                     stack        0000
__Hstrings                                   strings      0000
__Htext                                      text         0000
__L__absolute__                              __absolute__ 0000
__Labs1                                      abs1         0000
__Lbank0                                     bank0        0000
__Lbank1                                     bank1        0000
__Lbank2                                     bank2        0000
__Lbank3                                     bank3        0000
__LbssBANK1                                  bssBANK1     0000
__LbssBANK3                                  bssBANK3     0000
__Lcinit                                     cinit        07C2
__Lclrtext                                   clrtext      0000
__Lcode                                      code         0000
__Lcommon                                    common       0000
__Lconfig                                    config       0000
__LcstackBANK0                               cstackBANK0  0000
__LcstackBANK1                               cstackBANK1  0000
__LcstackCOMMON                              cstackCOMMON 0000
__LdataBANK1                                 dataBANK1    0000
__LdataBANK3                                 dataBANK3    0000
__Leeprom_data                               eeprom_data  0000
__Lend_init                                  end_init     0000
__Lfunctab                                   functab      0000
__Lheap                                      heap         0000
__LidataBANK1                                idataBANK1   0000
__LidataBANK3                                idataBANK3   0000
__Linit                                      init         0000
__Lintentry                                  intentry     0000
__Lmaintext                                  maintext     0000
__Lpowerup                                   powerup      0000
__Lram                                       ram          0000
__Lreset_vec                                 reset_vec    0000
__Lsfr0                                      sfr0         0000
__Lsfr1                                      sfr1         0000
__Lsfr2                                      sfr2         0000
__Lsfr3                                      sfr3         0000
__Lsivt                                      sivt         0000
__Lspace_0                                   (abs)        0000
__Lspace_1                                   (abs)        0000
__Lspace_2                                   (abs)        0000
__Lspace_3                                   (abs)        0000
__Lspace_4                                   (abs)        0000
__Lstack                                     stack        0000
__Lstrings                                   strings      0000
__Ltext                                      text         0000
__S0                                         (abs)        2000
__S1                                         (abs)        01BF
__S3                                         (abs)        0000
__Umul8_16                                   text30       1B51
__Umul8_16@multiplicand                      cstackCOMMON 0070
__Umul8_16@multiplier                        cstackCOMMON 0078
__Umul8_16@product                           cstackCOMMON 0074
__Umul8_16@word_mpld                         cstackCOMMON 0076
___awdiv                                     text33       1025
___awdiv@counter                             cstackCOMMON 0074
___awdiv@dividend                            cstackCOMMON 0072
___awdiv@divisor                             cstackCOMMON 0070
___awdiv@quotient                            cstackCOMMON 0076
___awdiv@sign                                cstackCOMMON 0075
___awmod                                     text32       1E01
___awmod@counter                             cstackCOMMON 007C
___awmod@dividend                            cstackCOMMON 007A
___awmod@divisor                             cstackCOMMON 0078
___awmod@sign                                cstackCOMMON 007D
___bmul                                      text9        1A69
___bmul@multiplicand                         cstackCOMMON 0070
___bmul@multiplier                           cstackCOMMON 0072
___bmul@product                              cstackCOMMON 0071
___fladd                                     text44       0078
___fladd@a                                   cstackBANK0  0058
___fladd@aexp                                cstackBANK0  0065
___fladd@b                                   cstackBANK0  0054
___fladd@bexp                                cstackBANK0  0066
___fladd@grs                                 cstackBANK0  0067
___fladd@signs                               cstackBANK0  0064
___fldiv                                     text43       0AF4
___fldiv@a                                   cstackBANK0  0020
___fldiv@aexp                                cstackBANK0  0039
___fldiv@b                                   cstackBANK0  0024
___fldiv@bexp                                cstackBANK0  0038
___fldiv@grs                                 cstackBANK0  0034
___fldiv@new_exp                             cstackBANK0  0032
___fldiv@rem                                 cstackBANK0  002D
___fldiv@sign                                cstackBANK0  0031
___flge                                      text42       111A
___flge@ff1                                  cstackCOMMON 0070
___flge@ff2                                  cstackCOMMON 0074
___flmul                                     text29       0CBE
___flmul@a                                   cstackBANK0  003E
___flmul@aexp                                cstackBANK0  004C
___flmul@b                                   cstackBANK0  003A
___flmul@bexp                                cstackBANK0  004D
___flmul@grs                                 cstackBANK0  0048
___flmul@prod                                cstackBANK0  004E
___flmul@sign                                cstackBANK0  0047
___flmul@temp                                cstackBANK0  0052
___fltol                                     text28       1E58
___fltol@exp1                                cstackBANK1  00A1
___fltol@f1                                  cstackBANK0  0068
___fltol@sign1                               cstackBANK1  00A0
___heap_hi                                   (abs)        0000
___heap_lo                                   (abs)        0000
___int_sp                                    stack        0000
___int_stack_hi                              stack        0000
___int_stack_lo                              stack        0000
___latbits                                   (abs)        0002
___lwdiv                                     text27       1C92
___lwdiv@counter                             cstackCOMMON 0076
___lwdiv@dividend                            cstackCOMMON 0072
___lwdiv@divisor                             cstackCOMMON 0070
___lwdiv@quotient                            cstackCOMMON 0074
___lwmod                                     text26       1C5A
___lwmod@counter                             cstackCOMMON 007B
___lwmod@dividend                            cstackCOMMON 0079
___lwmod@divisor                             cstackCOMMON 0077
___sp                                        stack        0000
___stack_hi                                  stack        0000
___stack_lo                                  stack        0000
___stackhi                                   (abs)        0000
___stacklo                                   (abs)        0000
___xxtofl                                    text41       11BC
___xxtofl@arg                                cstackCOMMON 007A
___xxtofl@exp                                cstackCOMMON 0079
___xxtofl@sign                               cstackCOMMON 0078
___xxtofl@val                                cstackCOMMON 0070
__end_of_AgregarTemp                         text49       1B51
__end_of_Almacenamiento_EnviarComando        text47       111A
__end_of_Almacenamiento_EscribirDatos        text38       0959
__end_of_Almacenamiento_Inicializar          text45       1503
__end_of_Almacenamiento_IniciarSPI           text46       1A40
__end_of_Almacenamiento_TransferirSPI        text48       1BF5
__end_of_CalcStats                           text40       0AF4
__end_of_GestorArchivos_Configurar           text39       1A4C
__end_of_GestorArchivos_GuardarLinea         text37       1E01
__end_of_I2C_CondicionInicio                 text7        1B08
__end_of_I2C_CondicionParo                   text6        1AEB
__end_of_I2C_EscribirByte                    text5        1D60
__end_of_I2C_IniciarBus                      text15       1A69
__end_of_I2C_LeerByte                        text11       1DAC
__end_of_ImprimirDigito2                     text31       1C5A
__end_of_ImprimirTemp                        text25       1411
__end_of_LeerBoton                           text36       1C26
__end_of_LimpiarFechaHora                    text10       085C
__end_of_MostrarPrincipal                    text21       133E
__end_of_MostrarStats                        text20       2000
__end_of_Pantalla_ConfigurarPuerto           text35       1B2A
__end_of_Pantalla_EnviarComando              text23       1025
__end_of_Pantalla_EscribirCaracter           text34       1D19
__end_of_Pantalla_EscribirTexto              text24       1BA0
__end_of_Pantalla_EstablecerPosicion         text22       1BC8
__end_of_Pantalla_Inicializar                text19       1F71
__end_of_Pantalla_Limpiar                    text18       1AB9
__end_of_Reloj_ConvertirBCD                  text8        1ACF
__end_of_Reloj_IniciarModulo                 text14       1A5A
__end_of_Reloj_ObtenerFechaHora              text3        1800
__end_of_Reloj_VerificarConexion             text4        1A8F
__end_of_SCL_ForzarBajo                      text13       1A2C
__end_of_SCL_Liberar                         text17       1A1D
__end_of_SDA_ForzarBajo                      text12       0078
__end_of_SDA_Liberar                         text16       1A21
__end_of_SensorHumedad_Configurar            text2        1AA3
__end_of_SensorHumedad_ObtenerDatos          text1        166E
__end_of__Umul8_16                           text30       1B78
__end_of___awdiv                             text33       1088
__end_of___awmod                             text32       1E58
__end_of___bmul                              text9        1A7C
__end_of___fladd                             text44       02C8
__end_of___fldiv                             text43       0CBE
__end_of___flge                              text42       11BC
__end_of___flmul                             text29       1000
__end_of___fltol                             text28       1EE4
__end_of___lwdiv                             text27       1CD4
__end_of___lwmod                             text26       1C92
__end_of___xxtofl                            text41       1270
__end_of__initialization                     cinit        07FC
__end_of__stringtab                          strings      0013
__end_of_main                                maintext     07C2
__initialization                             cinit        07C2
__pbssBANK1                                  bssBANK1     00CF
__pbssBANK3                                  bssBANK3     0190
__pcstackBANK0                               cstackBANK0  0020
__pcstackBANK1                               cstackBANK1  00A0
__pcstackCOMMON                              cstackCOMMON 0070
__pdataBANK1                                 dataBANK1    00EE
__pdataBANK3                                 dataBANK3    01BB
__pidataBANK1                                idataBANK1   1000
__pidataBANK3                                idataBANK3   1A21
__pmaintext                                  maintext     02C8
__pstrings                                   strings      0003
__ptext1                                     text1        1503
__ptext10                                    text10       0801
__ptext11                                    text11       1D60
__ptext12                                    text12       0071
__ptext13                                    text13       1A25
__ptext14                                    text14       1A4C
__ptext15                                    text15       1A5A
__ptext16                                    text16       1A1D
__ptext17                                    text17       1A19
__ptext18                                    text18       1AA3
__ptext19                                    text19       1EE4
__ptext2                                     text2        1A8F
__ptext20                                    text20       1F71
__ptext21                                    text21       1270
__ptext22                                    text22       1BA0
__ptext23                                    text23       1002
__ptext24                                    text24       1B78
__ptext25                                    text25       133E
__ptext26                                    text26       1C5A
__ptext27                                    text27       1C92
__ptext28                                    text28       1E58
__ptext29                                    text29       0CBE
__ptext3                                     text3        166E
__ptext30                                    text30       1B51
__ptext31                                    text31       1C26
__ptext32                                    text32       1E01
__ptext33                                    text33       1025
__ptext34                                    text34       1CD4
__ptext35                                    text35       1B08
__ptext36                                    text36       1BF5
__ptext37                                    text37       1DAC
__ptext38                                    text38       085C
__ptext39                                    text39       1A40
__ptext4                                     text4        1A7C
__ptext40                                    text40       0959
__ptext41                                    text41       11BC
__ptext42                                    text42       111A
__ptext43                                    text43       0AF4
__ptext44                                    text44       0078
__ptext45                                    text45       1411
__ptext46                                    text46       1A34
__ptext47                                    text47       1088
__ptext48                                    text48       1BC8
__ptext49                                    text49       1B2A
__ptext5                                     text5        1D19
__ptext6                                     text6        1ACF
__ptext7                                     text7        1AEB
__ptext8                                     text8        1AB9
__ptext9                                     text9        1A69
__stringbase                                 strings      0012
__stringtab                                  strings      0003
_buffer_datos                                bssBANK3     0198
_buffer_lleno                                bssBANK1     00EC
_buffer_temp                                 bssBANK1     00CF
_idx_buffer                                  bssBANK1     00ED
_main                                        maintext     02C8
_sector_actual                               dataBANK3    01BB
_stats                                       bssBANK1     00DF
btemp                                        (abs)        007E
btemp0                                       (abs)        007E
btemp1                                       (abs)        007F
clear_ram0                                   clrtext      1A2C
end_of_initialization                        cinit        07FC
intlevel0                                    functab      0000
intlevel1                                    functab      0000
intlevel2                                    functab      0000
intlevel3                                    functab      0000
intlevel4                                    functab      0000
intlevel5                                    functab      0000
ltemp0a                                      (abs)        0080
main@cnt                                     cstackBANK1  00B9
main@fecha                                   cstackBANK1  00C7
main@h10                                     cstackBANK1  00BA
main@hum                                     cstackBANK1  00BF
main@min_prev                                dataBANK1    00EE
main@modo                                    cstackBANK1  00BC
main@pos                                     cstackBANK1  00CE
main@sd_ok                                   cstackBANK1  00B7
main@sensor_ok                               cstackBANK1  00B8
main@t10                                     cstackBANK1  00BD
main@temp                                    cstackBANK1  00C3
reset_vec                                    reset_vec    0000
start                                        init         0000
start_initialization                         cinit        07C2
ttemp0a                                      (abs)        007F
wtemp0                                       (abs)        007E
wtemp0a                                      (abs)        007F


MODULE INFORMATION

Module		Function		Class		Link	Load	Size
aplicacion.c
		_ImprimirDigito2		CODE           	1C26	0000	52
		_AgregarTemp   		CODE           	1B2A	0000	39
		_main          		CODE           	02C8	0000	1274
		_LeerBoton     		CODE           	1BF5	0000	49
		_ImprimirTemp  		CODE           	133E	0000	211
		_MostrarStats  		CODE           	1F71	0000	143
		_MostrarPrincipal		CODE           	1270	0000	206
		_CalcStats     		CODE           	0959	0000	411

aplicacion.c estimated size: 2385

C:\Program Files\Microchip\xc8\v3.10\pic\sources\c99\common\flge.c
		___flge        		CODE           	111A	0000	162

C:\Program Files\Microchip\xc8\v3.10\pic\sources\c99\common\flge.c estimated size: 162

C:\Program Files\Microchip\xc8\v3.10\pic\sources\c99\common\lwmod.c
		___lwmod       		CODE           	1C5A	0000	56

C:\Program Files\Microchip\xc8\v3.10\pic\sources\c99\common\lwmod.c estimated size: 56

C:\Program Files\Microchip\xc8\v3.10\pic\sources\c99\common\awmod.c
		___awmod       		CODE           	1E01	0000	87

C:\Program Files\Microchip\xc8\v3.10\pic\sources\c99\common\awmod.c estimated size: 87

controlador_almacenamiento.c
		_Almacenamiento_EnviarComando		CODE           	1088	0000	146
		_Almacenamiento_IniciarSPI		CODE           	1A34	0000	12
		_Almacenamiento_EscribirDatos		CODE           	085C	0000	253
		_Almacenamiento_TransferirSPI		CODE           	1BC8	0000	45
		_Almacenamiento_Inicializar		CODE           	1411	0000	242

controlador_almacenamiento.c estimated size: 698

sensor_humedad.c
		_SensorHumedad_ObtenerDatos		CODE           	1503	0000	363
		_SensorHumedad_Configurar		CODE           	1A8F	0000	20

sensor_humedad.c estimated size: 383

C:\Program Files\Microchip\xc8\v3.10\pic\sources\c99\common\lwdiv.c
		___lwdiv       		CODE           	1C92	0000	66

C:\Program Files\Microchip\xc8\v3.10\pic\sources\c99\common\lwdiv.c estimated size: 66

C:\Program Files\Microchip\xc8\v3.10\pic\sources\c99\common\awdiv.c
		___awdiv       		CODE           	1025	0000	99

C:\Program Files\Microchip\xc8\v3.10\pic\sources\c99\common\awdiv.c estimated size: 99

gestor_archivos.c
		_GestorArchivos_Configurar		CODE           	1A40	0000	12
		_GestorArchivos_GuardarLinea		CODE           	1DAC	0000	85

gestor_archivos.c estimated size: 97

C:\Program Files\Microchip\xc8\v3.10\pic\sources\c99\common\fltol.c
		___fltol       		CODE           	1E58	0000	140

C:\Program Files\Microchip\xc8\v3.10\pic\sources\c99\common\fltol.c estimated size: 140

reloj_tiempo_real.c
		_SDA_Liberar   		CODE           	1A1D	0000	4
		_SDA_ForzarBajo		CODE           	0071	0000	7
		_I2C_LeerByte  		CODE           	1D60	0000	76
		_LimpiarFechaHora		CODE           	0801	0000	91
		_Reloj_ObtenerFechaHora		CODE           	166E	0000	402
		_Reloj_ConvertirBCD		CODE           	1AB9	0000	22
		_Reloj_VerificarConexion		CODE           	1A7C	0000	19
		_SCL_Liberar   		CODE           	1A19	0000	4
		_I2C_CondicionInicio		CODE           	1AEB	0000	29
		_I2C_EscribirByte		CODE           	1D19	0000	71
		_I2C_CondicionParo		CODE           	1ACF	0000	28
		_SCL_ForzarBajo		CODE           	1A25	0000	7
		_Reloj_IniciarModulo		CODE           	1A4C	0000	14
		_I2C_IniciarBus		CODE           	1A5A	0000	15

reloj_tiempo_real.c estimated size: 789

C:\Program Files\Microchip\xc8\v3.10\pic\sources\c99\common\sprcmul.c
		___flmul       		CODE           	0CBE	0000	834

C:\Program Files\Microchip\xc8\v3.10\pic\sources\c99\common\sprcmul.c estimated size: 834

C:\Program Files\Microchip\xc8\v3.10\pic\sources\c99\common\Umul8.c
		___bmul        		CODE           	1A69	0000	19

C:\Program Files\Microchip\xc8\v3.10\pic\sources\c99\common\Umul8.c estimated size: 19

C:\Program Files\Microchip\xc8\v3.10\pic\sources\c99\common\Umul8_16.c
		__Umul8_16     		CODE           	1B51	0000	39

C:\Program Files\Microchip\xc8\v3.10\pic\sources\c99\common\Umul8_16.c estimated size: 39

C:\Program Files\Microchip\xc8\v3.10\pic\sources\c99\common\xxtofl.c
		___xxtofl      		CODE           	11BC	0000	180

C:\Program Files\Microchip\xc8\v3.10\pic\sources\c99\common\xxtofl.c estimated size: 180

C:\Program Files\Microchip\xc8\v3.10\pic\sources\c99\common\sprcdiv.c
		___fldiv       		CODE           	0AF4	0000	458

C:\Program Files\Microchip\xc8\v3.10\pic\sources\c99\common\sprcdiv.c estimated size: 458

shared
		__stringtab    		STRING         	0003	0000	16
		__initialization		CODE           	07C2	0000	58

shared estimated size: 74

controlador_pantalla.c
		_Pantalla_Limpiar		CODE           	1AA3	0000	22
		_Pantalla_EscribirCaracter		CODE           	1CD4	0000	69
		_Pantalla_EnviarComando		CODE           	1002	0000	35
		_Pantalla_ConfigurarPuerto		CODE           	1B08	0000	34
		_Pantalla_Inicializar		CODE           	1EE4	0000	141
		_Pantalla_EscribirTexto		CODE           	1B78	0000	40
		_Pantalla_EstablecerPosicion		CODE           	1BA0	0000	40

controlador_pantalla.c estimated size: 381

C:\Program Files\Microchip\xc8\v3.10\pic\sources\c99\common\sprcadd.c
		___fladd       		CODE           	0078	0000	592

C:\Program Files\Microchip\xc8\v3.10\pic\sources\c99\common\sprcadd.c estimated size: 592

